110  2021-09-12T10:14:43.708984812Z  6148  .DS_Store 
110  2020-07-05T06:23:47Z  11688699  Desert 1.jpg 
110  2020-07-05T06:23:47Z  9871397  Desert 2.jpg 
110  2020-07-05T06:23:47Z  11590991  Desert 3.jpg 
110  2020-07-05T06:23:47Z  12066767  Desert 5.jpg 
111  2021-09-12T10:15:20.378981727Z  160  documents 
110  2021-05-19T22:12:31Z  1506  text1.txt 
110  2021-05-19T22:12:31Z  786  text2.txt 
110  2021-05-19T22:12:31Z  3544  text3.txt 
