rw-  2021-05-19T22:12:31Z  362 KB  P16-01.png 
rw-  2015-08-25T23:18:08Z  25 MB  Zebras.jpg 
rw-  2021-05-19T22:12:31Z  134 KB  p11-01.png 
